﻿
> another@0.0.0 build
> vite build

[36mvite v8.0.0 [32mbuilding client environment for production...[36m[39m
[2K
transforming...Γ£ô 2137 modules transformed.
node.exe : [31mΓ£ù[39m Build failed 
in 341ms
At line:1 char:1
+ & "C:\Program Files\nodejs/node.exe" 
"C:\Program Files\nodejs/node_mo ...
+ ~~~~~~~~~~~~~~~~~~~~~~~~~~~~~~~~~~~~~~
~~~~~~~~~~~~~~~~~~~~~~~~~~~~~~~
    + CategoryInfo          : NotSpecif 
   ied: ([31mΓ£ù[39m Build failed in  
   341ms:String) [], RemoteException
    + FullyQualifiedErrorId : NativeCom 
   mandError
 
[31merror during build:
[31mBuild failed with 1 error:

[plugin 
@tailwindcss/vite:generate:build] 
D:/poth/another/src/index.css
Error: `@utility` cannot be nested.
    at file:///D:/poth/another/node_modu
les/tailwindcss/dist/chunk-L5IEUH3R.mjs:
32:3317
    at Ar (file:///D:/poth/another/node_
modules/tailwindcss/dist/chunk-L5IEUH3R.
mjs:3:1733)
    at I (file:///D:/poth/another/node_m
odules/tailwindcss/dist/chunk-L5IEUH3R.m
js:3:1377)
    at Gi (file:///D:/poth/another/node_
modules/tailwindcss/dist/chunk-L5IEUH3R.
mjs:32:2712)
    at async ao (file:///D:/poth/another
/node_modules/tailwindcss/dist/chunk-L5I
EUH3R.mjs:38:631)
    at async vf (file:///D:/poth/another
/node_modules/tailwindcss/dist/chunk-L5I
EUH3R.mjs:38:1406)
    at async uu (file:///D:/poth/another
/node_modules/@tailwindcss/node/dist/ind
ex.mjs:10:3458)
    at async B.generate (file:///D:/poth
/another/node_modules/@tailwindcss/vite/
dist/index.mjs:1:5049)
    at async 
TransformPluginContextImpl.handler (file
:///D:/poth/another/node_modules/@tailwi
ndcss/vite/dist/index.mjs:1:3768)
    at async plugin (file:///D:/poth/ano
ther/node_modules/rolldown/dist/shared/b
indingify-input-options-Cu7pt6SZ.mjs:110
6:16)[31m
    at 
aggregateBindingErrorsIntoJsError (file:
///D:/poth/another/node_modules/rolldown
/dist/shared/error-CP8smW_P.mjs:48:18)
    at unwrapBindingResult (file:///D:/p
oth/another/node_modules/rolldown/dist/s
hared/error-CP8smW_P.mjs:18:128)
    at #build (file:///D:/poth/another/n
ode_modules/rolldown/dist/shared/rolldow
n-build-4YnQkA76.mjs:3311:34)
    at async buildEnvironment (file:///D
:/poth/another/node_modules/vite/dist/no
de/chunks/node.js:32794:64)
    at async Object.build (file:///D:/po
th/another/node_modules/vite/dist/node/c
hunks/node.js:33216:19)
    at async Object.buildApp (file:///D:
/poth/another/node_modules/vite/dist/nod
e/chunks/node.js:33213:153)
    at async CAC.<anonymous> (file:///D:
/poth/another/node_modules/vite/dist/nod
e/cli.js:778:3) {
  errors: [Getter/Setter]
}[39m
